// Jest Snapshot v1, https://goo.gl/fbAQLP

exports[`MessageItemComponent should match snapshot 1`] = `
<div
  id="root0"
>
  
</div>
`;
