// Jest Snapshot v1, https://goo.gl/fbAQLP

exports[`MessagesComponent should match snapshot 1`] = `
<div
  id="root0"
>
  <div
    class="grid grid-cols-11"
  >
    <div
      class="flex flex-col col-span-10"
    >
      <app-message-item />
      <app-message-item />
      <app-message-item />
      <app-message-item />
      
    </div>
  </div>
  
  
</div>
`;
